[2023-07-22T14:46:12.866+0530][gc,heap] Heap region size: 1M
[2023-07-22T14:46:12.885+0530][gc     ] Using G1
[2023-07-22T14:46:12.885+0530][gc,heap,coops] Heap address: 0x00000000c0000000, size: 1024 MB, Compressed Oops mode: 32-bit
[2023-07-22T14:46:12.885+0530][gc,cds       ] Mark closed archive regions in map: [0x00000000fff00000, 0x00000000fff6aff8]
[2023-07-22T14:46:12.886+0530][gc,cds       ] Mark open archive regions in map: [0x00000000ffe00000, 0x00000000ffe46ff8]
[2023-07-22T14:46:14.375+0530][gc,start     ] GC(0) Pause Young (Normal) (G1 Evacuation Pause)
[2023-07-22T14:46:14.376+0530][gc,task      ] GC(0) Using 8 workers of 8 for evacuation
[2023-07-22T14:46:14.391+0530][gc,phases    ] GC(0)   Pre Evacuate Collection Set: 0.0ms
[2023-07-22T14:46:14.391+0530][gc,phases    ] GC(0)   Evacuate Collection Set: 12.2ms
[2023-07-22T14:46:14.391+0530][gc,phases    ] GC(0)   Post Evacuate Collection Set: 2.2ms
[2023-07-22T14:46:14.391+0530][gc,phases    ] GC(0)   Other: 1.4ms
[2023-07-22T14:46:14.391+0530][gc,heap      ] GC(0) Eden regions: 51->0(44)
[2023-07-22T14:46:14.391+0530][gc,heap      ] GC(0) Survivor regions: 0->7(7)
[2023-07-22T14:46:14.391+0530][gc,heap      ] GC(0) Old regions: 2->2
[2023-07-22T14:46:14.391+0530][gc,heap      ] GC(0) Humongous regions: 0->0
[2023-07-22T14:46:14.391+0530][gc,metaspace ] GC(0) Metaspace: 14175K(14848K)->14175K(14848K) NonClass: 12431K(12800K)->12431K(12800K) Class: 1744K(2048K)->1744K(2048K)
[2023-07-22T14:46:14.391+0530][gc           ] GC(0) Pause Young (Normal) (G1 Evacuation Pause) 51M->7M(1024M) 16.046ms
[2023-07-22T14:46:14.391+0530][gc,cpu       ] GC(0) User=0.08s Sys=0.00s Real=0.02s
[2023-07-22T14:46:15.219+0530][gc,start     ] GC(1) Pause Young (Concurrent Start) (Metadata GC Threshold)
[2023-07-22T14:46:15.219+0530][gc,task      ] GC(1) Using 8 workers of 8 for evacuation
[2023-07-22T14:46:15.248+0530][gc,mmu       ] GC(1) MMU target violated: 21.0ms (20.0ms/21.0ms)
[2023-07-22T14:46:15.248+0530][gc,phases    ] GC(1)   Pre Evacuate Collection Set: 0.1ms
[2023-07-22T14:46:15.248+0530][gc,phases    ] GC(1)   Evacuate Collection Set: 26.8ms
[2023-07-22T14:46:15.248+0530][gc,phases    ] GC(1)   Post Evacuate Collection Set: 1.6ms
[2023-07-22T14:46:15.248+0530][gc,phases    ] GC(1)   Other: 0.4ms
[2023-07-22T14:46:15.248+0530][gc,heap      ] GC(1) Eden regions: 30->0(49)
[2023-07-22T14:46:15.248+0530][gc,heap      ] GC(1) Survivor regions: 7->2(7)
[2023-07-22T14:46:15.248+0530][gc,heap      ] GC(1) Old regions: 2->9
[2023-07-22T14:46:15.248+0530][gc,heap      ] GC(1) Humongous regions: 0->0
[2023-07-22T14:46:15.248+0530][gc,metaspace ] GC(1) Metaspace: 20634K(21248K)->20634K(21248K) NonClass: 18138K(18432K)->18138K(18432K) Class: 2495K(2816K)->2495K(2816K)
[2023-07-22T14:46:15.248+0530][gc           ] GC(1) Pause Young (Concurrent Start) (Metadata GC Threshold) 37M->8M(1024M) 28.916ms
[2023-07-22T14:46:15.248+0530][gc,cpu       ] GC(1) User=0.10s Sys=0.01s Real=0.03s
[2023-07-22T14:46:15.248+0530][gc           ] GC(2) Concurrent Cycle
[2023-07-22T14:46:15.248+0530][gc,marking   ] GC(2) Concurrent Clear Claimed Marks
[2023-07-22T14:46:15.248+0530][gc,marking   ] GC(2) Concurrent Clear Claimed Marks 0.185ms
[2023-07-22T14:46:15.248+0530][gc,marking   ] GC(2) Concurrent Scan Root Regions
[2023-07-22T14:46:15.251+0530][gc,marking   ] GC(2) Concurrent Scan Root Regions 2.362ms
[2023-07-22T14:46:15.251+0530][gc,marking   ] GC(2) Concurrent Mark (2.390s)
[2023-07-22T14:46:15.251+0530][gc,marking   ] GC(2) Concurrent Mark From Roots
[2023-07-22T14:46:15.251+0530][gc,task      ] GC(2) Using 2 workers of 2 for marking
[2023-07-22T14:46:15.257+0530][gc,marking   ] GC(2) Concurrent Mark From Roots 6.833ms
[2023-07-22T14:46:15.257+0530][gc,marking   ] GC(2) Concurrent Preclean
[2023-07-22T14:46:15.258+0530][gc,marking   ] GC(2) Concurrent Preclean 0.403ms
[2023-07-22T14:46:15.258+0530][gc,marking   ] GC(2) Concurrent Mark (2.390s, 2.397s) 7.358ms
[2023-07-22T14:46:15.258+0530][gc,start     ] GC(2) Pause Remark
[2023-07-22T14:46:15.268+0530][gc,stringtable] GC(2) Cleaned string and symbol table, strings: 5207 processed, 0 removed, symbols: 53272 processed, 45 removed
[2023-07-22T14:46:15.269+0530][gc            ] GC(2) Pause Remark 8M->8M(1024M) 10.734ms
[2023-07-22T14:46:15.269+0530][gc,cpu        ] GC(2) User=0.03s Sys=0.00s Real=0.01s
[2023-07-22T14:46:15.269+0530][gc,marking    ] GC(2) Concurrent Rebuild Remembered Sets
[2023-07-22T14:46:15.276+0530][gc,marking    ] GC(2) Concurrent Rebuild Remembered Sets 6.806ms
[2023-07-22T14:46:15.276+0530][gc,start      ] GC(2) Pause Cleanup
[2023-07-22T14:46:15.277+0530][gc            ] GC(2) Pause Cleanup 8M->8M(1024M) 0.524ms
[2023-07-22T14:46:15.277+0530][gc,cpu        ] GC(2) User=0.01s Sys=0.00s Real=0.00s
[2023-07-22T14:46:15.277+0530][gc,marking    ] GC(2) Concurrent Cleanup for Next Mark
[2023-07-22T14:46:15.286+0530][gc,marking    ] GC(2) Concurrent Cleanup for Next Mark 9.004ms
[2023-07-22T14:46:15.286+0530][gc            ] GC(2) Concurrent Cycle 37.852ms
[2023-07-22T14:46:16.661+0530][gc,start      ] GC(3) Pause Young (Normal) (G1 Evacuation Pause)
[2023-07-22T14:46:16.662+0530][gc,task       ] GC(3) Using 8 workers of 8 for evacuation
[2023-07-22T14:46:16.674+0530][gc,phases     ] GC(3)   Pre Evacuate Collection Set: 0.1ms
[2023-07-22T14:46:16.675+0530][gc,phases     ] GC(3)   Evacuate Collection Set: 10.1ms
[2023-07-22T14:46:16.675+0530][gc,phases     ] GC(3)   Post Evacuate Collection Set: 2.3ms
[2023-07-22T14:46:16.675+0530][gc,phases     ] GC(3)   Other: 0.6ms
[2023-07-22T14:46:16.675+0530][gc,heap       ] GC(3) Eden regions: 49->0(46)
[2023-07-22T14:46:16.675+0530][gc,heap       ] GC(3) Survivor regions: 2->5(7)
[2023-07-22T14:46:16.675+0530][gc,heap       ] GC(3) Old regions: 9->9
[2023-07-22T14:46:16.675+0530][gc,heap       ] GC(3) Humongous regions: 129->129
[2023-07-22T14:46:16.675+0530][gc,metaspace  ] GC(3) Metaspace: 28494K(29568K)->28494K(29568K) NonClass: 25185K(25856K)->25185K(25856K) Class: 3309K(3712K)->3309K(3712K)
[2023-07-22T14:46:16.675+0530][gc            ] GC(3) Pause Young (Normal) (G1 Evacuation Pause) 186M->140M(1024M) 13.196ms
[2023-07-22T14:46:16.675+0530][gc,cpu        ] GC(3) User=0.08s Sys=0.00s Real=0.01s
[2023-07-22T14:46:17.417+0530][gc,start      ] GC(4) Pause Young (Concurrent Start) (Metadata GC Threshold)
[2023-07-22T14:46:17.418+0530][gc,task       ] GC(4) Using 8 workers of 8 for evacuation
[2023-07-22T14:46:17.447+0530][gc,mmu        ] GC(4) MMU target violated: 21.0ms (20.0ms/21.0ms)
[2023-07-22T14:46:17.447+0530][gc,phases     ] GC(4)   Pre Evacuate Collection Set: 0.6ms
[2023-07-22T14:46:17.447+0530][gc,phases     ] GC(4)   Evacuate Collection Set: 22.4ms
[2023-07-22T14:46:17.447+0530][gc,phases     ] GC(4)   Post Evacuate Collection Set: 4.9ms
[2023-07-22T14:46:17.447+0530][gc,phases     ] GC(4)   Other: 1.7ms
[2023-07-22T14:46:17.447+0530][gc,heap       ] GC(4) Eden regions: 30->0(49)
[2023-07-22T14:46:17.447+0530][gc,heap       ] GC(4) Survivor regions: 5->2(7)
[2023-07-22T14:46:17.447+0530][gc,heap       ] GC(4) Old regions: 9->14
[2023-07-22T14:46:17.447+0530][gc,heap       ] GC(4) Humongous regions: 129->129
[2023-07-22T14:46:17.447+0530][gc,metaspace  ] GC(4) Metaspace: 34383K(35840K)->34383K(35840K) NonClass: 30349K(31104K)->30349K(31104K) Class: 4033K(4736K)->4033K(4736K)
[2023-07-22T14:46:17.447+0530][gc            ] GC(4) Pause Young (Concurrent Start) (Metadata GC Threshold) 170M->142M(1024M) 29.832ms
[2023-07-22T14:46:17.447+0530][gc,cpu        ] GC(4) User=0.11s Sys=0.02s Real=0.03s
[2023-07-22T14:46:17.447+0530][gc            ] GC(5) Concurrent Cycle
[2023-07-22T14:46:17.448+0530][gc,marking    ] GC(5) Concurrent Clear Claimed Marks
[2023-07-22T14:46:17.448+0530][gc,marking    ] GC(5) Concurrent Clear Claimed Marks 0.793ms
[2023-07-22T14:46:17.448+0530][gc,marking    ] GC(5) Concurrent Scan Root Regions
[2023-07-22T14:46:17.451+0530][gc,marking    ] GC(5) Concurrent Scan Root Regions 3.086ms
[2023-07-22T14:46:17.452+0530][gc,marking    ] GC(5) Concurrent Mark (4.591s)
[2023-07-22T14:46:17.452+0530][gc,marking    ] GC(5) Concurrent Mark From Roots
[2023-07-22T14:46:17.452+0530][gc,task       ] GC(5) Using 2 workers of 2 for marking
[2023-07-22T14:46:17.518+0530][gc,marking    ] GC(5) Concurrent Mark From Roots 66.893ms
[2023-07-22T14:46:17.519+0530][gc,marking    ] GC(5) Concurrent Preclean
[2023-07-22T14:46:17.519+0530][gc,marking    ] GC(5) Concurrent Preclean 0.485ms
[2023-07-22T14:46:17.519+0530][gc,marking    ] GC(5) Concurrent Mark (4.591s, 4.658s) 67.527ms
[2023-07-22T14:46:17.519+0530][gc,start      ] GC(5) Pause Remark
[2023-07-22T14:46:17.525+0530][gc,stringtable] GC(5) Cleaned string and symbol table, strings: 11031 processed, 12 removed, symbols: 85832 processed, 15 removed
[2023-07-22T14:46:17.526+0530][gc            ] GC(5) Pause Remark 145M->145M(1024M) 6.371ms
[2023-07-22T14:46:17.526+0530][gc,cpu        ] GC(5) User=0.03s Sys=0.00s Real=0.01s
[2023-07-22T14:46:17.526+0530][gc,marking    ] GC(5) Concurrent Rebuild Remembered Sets
[2023-07-22T14:46:17.558+0530][gc,marking    ] GC(5) Concurrent Rebuild Remembered Sets 32.226ms
[2023-07-22T14:46:17.558+0530][gc,start      ] GC(5) Pause Cleanup
[2023-07-22T14:46:17.559+0530][gc            ] GC(5) Pause Cleanup 147M->147M(1024M) 0.384ms
[2023-07-22T14:46:17.559+0530][gc,cpu        ] GC(5) User=0.00s Sys=0.00s Real=0.00s
[2023-07-22T14:46:17.559+0530][gc,marking    ] GC(5) Concurrent Cleanup for Next Mark
[2023-07-22T14:46:17.574+0530][gc,marking    ] GC(5) Concurrent Cleanup for Next Mark 15.635ms
[2023-07-22T14:46:17.575+0530][gc            ] GC(5) Concurrent Cycle 127.088ms
[2023-07-22T15:48:11.460+0530][gc,start      ] GC(6) Pause Young (Concurrent Start) (G1 Evacuation Pause)
[2023-07-22T15:48:11.460+0530][gc,task       ] GC(6) Using 8 workers of 8 for evacuation
[2023-07-22T15:48:11.470+0530][gc,phases     ] GC(6)   Pre Evacuate Collection Set: 0.2ms
[2023-07-22T15:48:11.470+0530][gc,phases     ] GC(6)   Evacuate Collection Set: 8.1ms
[2023-07-22T15:48:11.470+0530][gc,phases     ] GC(6)   Post Evacuate Collection Set: 1.4ms
[2023-07-22T15:48:11.470+0530][gc,phases     ] GC(6)   Other: 0.7ms
[2023-07-22T15:48:11.470+0530][gc,heap       ] GC(6) Eden regions: 49->0(48)
[2023-07-22T15:48:11.470+0530][gc,heap       ] GC(6) Survivor regions: 2->3(7)
[2023-07-22T15:48:11.470+0530][gc,heap       ] GC(6) Old regions: 14->14
[2023-07-22T15:48:11.470+0530][gc,heap       ] GC(6) Humongous regions: 129->129
[2023-07-22T15:48:11.470+0530][gc,metaspace  ] GC(6) Metaspace: 39474K(41728K)->39474K(41728K) NonClass: 34445K(35584K)->34445K(35584K) Class: 5028K(6144K)->5028K(6144K)
[2023-07-22T15:48:11.470+0530][gc            ] GC(6) Pause Young (Concurrent Start) (G1 Evacuation Pause) 191M->143M(1024M) 10.686ms
[2023-07-22T15:48:11.470+0530][gc,cpu        ] GC(6) User=0.05s Sys=0.00s Real=0.01s
[2023-07-22T15:48:11.471+0530][gc            ] GC(7) Concurrent Cycle
[2023-07-22T15:48:11.471+0530][gc,marking    ] GC(7) Concurrent Clear Claimed Marks
[2023-07-22T15:48:11.471+0530][gc,marking    ] GC(7) Concurrent Clear Claimed Marks 0.308ms
[2023-07-22T15:48:11.471+0530][gc,marking    ] GC(7) Concurrent Scan Root Regions
[2023-07-22T15:48:11.474+0530][gc,marking    ] GC(7) Concurrent Scan Root Regions 3.553ms
[2023-07-22T15:48:11.475+0530][gc,marking    ] GC(7) Concurrent Mark (3718.614s)
[2023-07-22T15:48:11.475+0530][gc,marking    ] GC(7) Concurrent Mark From Roots
[2023-07-22T15:48:11.475+0530][gc,task       ] GC(7) Using 2 workers of 2 for marking
[2023-07-22T15:48:11.492+0530][gc,marking    ] GC(7) Concurrent Mark From Roots 17.772ms
[2023-07-22T15:48:11.492+0530][gc,marking    ] GC(7) Concurrent Preclean
[2023-07-22T15:48:11.493+0530][gc,marking    ] GC(7) Concurrent Preclean 0.853ms
[2023-07-22T15:48:11.493+0530][gc,marking    ] GC(7) Concurrent Mark (3718.614s, 3718.632s) 18.782ms
[2023-07-22T15:48:11.494+0530][gc,start      ] GC(7) Pause Remark
[2023-07-22T15:48:11.503+0530][gc,stringtable] GC(7) Cleaned string and symbol table, strings: 11745 processed, 244 removed, symbols: 91944 processed, 4 removed
[2023-07-22T15:48:11.504+0530][gc            ] GC(7) Pause Remark 144M->144M(1024M) 10.505ms
[2023-07-22T15:48:11.504+0530][gc,cpu        ] GC(7) User=0.06s Sys=0.00s Real=0.01s
[2023-07-22T15:48:11.505+0530][gc,marking    ] GC(7) Concurrent Rebuild Remembered Sets
[2023-07-22T15:48:11.515+0530][gc,marking    ] GC(7) Concurrent Rebuild Remembered Sets 10.037ms
[2023-07-22T15:48:11.515+0530][gc,start      ] GC(7) Pause Cleanup
[2023-07-22T15:48:11.515+0530][gc            ] GC(7) Pause Cleanup 144M->144M(1024M) 0.518ms
[2023-07-22T15:48:11.515+0530][gc,cpu        ] GC(7) User=0.00s Sys=0.00s Real=0.00s
[2023-07-22T15:48:11.516+0530][gc,marking    ] GC(7) Concurrent Cleanup for Next Mark
[2023-07-22T15:48:11.518+0530][gc,marking    ] GC(7) Concurrent Cleanup for Next Mark 2.699ms
[2023-07-22T15:48:11.518+0530][gc            ] GC(7) Concurrent Cycle 47.825ms
